[0.139s] DEBUG:colcon:Command line arguments: ['/usr/bin/colcon', 'build']
[0.140s] DEBUG:colcon:Parsed command line arguments: Namespace(log_base=None, log_level=None, verb_name='build', build_base='build', install_base='install', merge_install=False, symlink_install=False, test_result_base=None, continue_on_error=False, executor='parallel', parallel_workers=1, event_handlers=None, ignore_user_meta=False, metas=['./colcon.meta'], base_paths=['.'], packages_ignore=None, packages_ignore_regex=None, paths=None, packages_up_to=None, packages_up_to_regex=None, packages_above=None, packages_above_and_dependencies=None, packages_above_depth=None, packages_select_by_dep=None, packages_skip_by_dep=None, packages_skip_up_to=None, packages_select_build_failed=False, packages_skip_build_finished=False, packages_select_test_failures=False, packages_skip_test_passed=False, packages_select=None, packages_skip=None, packages_select_regex=None, packages_skip_regex=None, packages_start=None, packages_end=None, allow_overriding=[], cmake_args=None, cmake_target=None, cmake_target_skip_unavailable=False, cmake_clean_cache=False, cmake_clean_first=False, cmake_force_configure=False, ament_cmake_args=None, catkin_cmake_args=None, catkin_skip_building_tests=False, verb_parser=<colcon_defaults.argument_parser.defaults.DefaultArgumentsDecorator object at 0x76d61123afe0>, verb_extension=<colcon_core.verb.build.BuildVerb object at 0x76d6113f4910>, main=<bound method BuildVerb.main of <colcon_core.verb.build.BuildVerb object at 0x76d6113f4910>>)
[0.349s] Level 1:colcon.colcon_core.package_discovery:discover_packages(colcon_meta) check parameters
[0.350s] Level 1:colcon.colcon_core.package_discovery:discover_packages(recursive) check parameters
[0.350s] Level 1:colcon.colcon_core.package_discovery:discover_packages(ignore) check parameters
[0.350s] Level 1:colcon.colcon_core.package_discovery:discover_packages(path) check parameters
[0.350s] Level 1:colcon.colcon_core.package_discovery:discover_packages(colcon_meta) discover
[0.350s] Level 1:colcon.colcon_core.package_discovery:discover_packages(recursive) discover
[0.350s] INFO:colcon.colcon_core.package_discovery:Crawling recursively for packages in '/home/vboxuser/ROS2'
[0.350s] Level 1:colcon.colcon_core.package_identification:_identify(.) by extensions ['ignore', 'ignore_ament_install']
[0.350s] Level 1:colcon.colcon_core.package_identification:_identify(.) by extension 'ignore'
[0.350s] Level 1:colcon.colcon_core.package_identification:_identify(.) by extension 'ignore_ament_install'
[0.350s] Level 1:colcon.colcon_core.package_identification:_identify(.) by extensions ['colcon_pkg']
[0.351s] Level 1:colcon.colcon_core.package_identification:_identify(.) by extension 'colcon_pkg'
[0.351s] Level 1:colcon.colcon_core.package_identification:_identify(.) by extensions ['colcon_meta']
[0.351s] Level 1:colcon.colcon_core.package_identification:_identify(.) by extension 'colcon_meta'
[0.351s] Level 1:colcon.colcon_core.package_identification:_identify(.) by extensions ['ros']
[0.351s] Level 1:colcon.colcon_core.package_identification:_identify(.) by extension 'ros'
[0.368s] Level 1:colcon.colcon_core.package_identification:_identify(.) by extensions ['cmake', 'python']
[0.368s] Level 1:colcon.colcon_core.package_identification:_identify(.) by extension 'cmake'
[0.369s] Level 1:colcon.colcon_core.package_identification:_identify(.) by extension 'python'
[0.369s] Level 1:colcon.colcon_core.package_identification:_identify(.) by extensions ['python_setup_py']
[0.369s] Level 1:colcon.colcon_core.package_identification:_identify(.) by extension 'python_setup_py'
[0.369s] Level 1:colcon.colcon_core.package_identification:_identify(build) by extensions ['ignore', 'ignore_ament_install']
[0.369s] Level 1:colcon.colcon_core.package_identification:_identify(build) by extension 'ignore'
[0.369s] Level 1:colcon.colcon_core.package_identification:_identify(build) ignored
[0.370s] Level 1:colcon.colcon_core.package_identification:_identify(install) by extensions ['ignore', 'ignore_ament_install']
[0.370s] Level 1:colcon.colcon_core.package_identification:_identify(install) by extension 'ignore'
[0.370s] Level 1:colcon.colcon_core.package_identification:_identify(install) ignored
[0.370s] Level 1:colcon.colcon_core.package_identification:_identify(log) by extensions ['ignore', 'ignore_ament_install']
[0.370s] Level 1:colcon.colcon_core.package_identification:_identify(log) by extension 'ignore'
[0.370s] Level 1:colcon.colcon_core.package_identification:_identify(log) ignored
[0.370s] Level 1:colcon.colcon_core.package_identification:_identify(src) by extensions ['ignore', 'ignore_ament_install']
[0.370s] Level 1:colcon.colcon_core.package_identification:_identify(src) by extension 'ignore'
[0.370s] Level 1:colcon.colcon_core.package_identification:_identify(src) by extension 'ignore_ament_install'
[0.370s] Level 1:colcon.colcon_core.package_identification:_identify(src) by extensions ['colcon_pkg']
[0.370s] Level 1:colcon.colcon_core.package_identification:_identify(src) by extension 'colcon_pkg'
[0.370s] Level 1:colcon.colcon_core.package_identification:_identify(src) by extensions ['colcon_meta']
[0.370s] Level 1:colcon.colcon_core.package_identification:_identify(src) by extension 'colcon_meta'
[0.370s] Level 1:colcon.colcon_core.package_identification:_identify(src) by extensions ['ros']
[0.370s] Level 1:colcon.colcon_core.package_identification:_identify(src) by extension 'ros'
[0.371s] Level 1:colcon.colcon_core.package_identification:_identify(src) by extensions ['cmake', 'python']
[0.371s] Level 1:colcon.colcon_core.package_identification:_identify(src) by extension 'cmake'
[0.371s] Level 1:colcon.colcon_core.package_identification:_identify(src) by extension 'python'
[0.371s] Level 1:colcon.colcon_core.package_identification:_identify(src) by extensions ['python_setup_py']
[0.371s] Level 1:colcon.colcon_core.package_identification:_identify(src) by extension 'python_setup_py'
[0.371s] Level 1:colcon.colcon_core.package_identification:_identify(src/turtle_wall_avoider) by extensions ['ignore', 'ignore_ament_install']
[0.371s] Level 1:colcon.colcon_core.package_identification:_identify(src/turtle_wall_avoider) by extension 'ignore'
[0.371s] Level 1:colcon.colcon_core.package_identification:_identify(src/turtle_wall_avoider) by extension 'ignore_ament_install'
[0.371s] Level 1:colcon.colcon_core.package_identification:_identify(src/turtle_wall_avoider) by extensions ['colcon_pkg']
[0.371s] Level 1:colcon.colcon_core.package_identification:_identify(src/turtle_wall_avoider) by extension 'colcon_pkg'
[0.371s] Level 1:colcon.colcon_core.package_identification:_identify(src/turtle_wall_avoider) by extensions ['colcon_meta']
[0.371s] Level 1:colcon.colcon_core.package_identification:_identify(src/turtle_wall_avoider) by extension 'colcon_meta'
[0.371s] Level 1:colcon.colcon_core.package_identification:_identify(src/turtle_wall_avoider) by extensions ['ros']
[0.371s] Level 1:colcon.colcon_core.package_identification:_identify(src/turtle_wall_avoider) by extension 'ros'
[0.376s] DEBUG:colcon.colcon_core.package_identification:Package 'src/turtle_wall_avoider' with type 'ros.ament_python' and name 'turtle_wall_avoider'
[0.376s] Level 1:colcon.colcon_core.package_discovery:discover_packages(recursive) using defaults
[0.376s] Level 1:colcon.colcon_core.package_discovery:discover_packages(ignore) discover
[0.376s] Level 1:colcon.colcon_core.package_discovery:discover_packages(ignore) using defaults
[0.376s] Level 1:colcon.colcon_core.package_discovery:discover_packages(path) discover
[0.376s] Level 1:colcon.colcon_core.package_discovery:discover_packages(path) using defaults
[0.404s] Level 1:colcon.colcon_core.package_discovery:discover_packages(prefix_path) check parameters
[0.404s] Level 1:colcon.colcon_core.package_discovery:discover_packages(prefix_path) discover
[0.406s] DEBUG:colcon.colcon_installed_package_information.package_discovery:Found 273 installed packages in /opt/ros/humble
[0.409s] Level 1:colcon.colcon_core.package_discovery:discover_packages(prefix_path) using defaults
[0.466s] Level 5:colcon.colcon_core.verb:set package 'turtle_wall_avoider' build argument 'cmake_args' from command line to 'None'
[0.467s] Level 5:colcon.colcon_core.verb:set package 'turtle_wall_avoider' build argument 'cmake_target' from command line to 'None'
[0.467s] Level 5:colcon.colcon_core.verb:set package 'turtle_wall_avoider' build argument 'cmake_target_skip_unavailable' from command line to 'False'
[0.467s] Level 5:colcon.colcon_core.verb:set package 'turtle_wall_avoider' build argument 'cmake_clean_cache' from command line to 'False'
[0.467s] Level 5:colcon.colcon_core.verb:set package 'turtle_wall_avoider' build argument 'cmake_clean_first' from command line to 'False'
[0.467s] Level 5:colcon.colcon_core.verb:set package 'turtle_wall_avoider' build argument 'cmake_force_configure' from command line to 'False'
[0.467s] Level 5:colcon.colcon_core.verb:set package 'turtle_wall_avoider' build argument 'ament_cmake_args' from command line to 'None'
[0.467s] Level 5:colcon.colcon_core.verb:set package 'turtle_wall_avoider' build argument 'catkin_cmake_args' from command line to 'None'
[0.467s] Level 5:colcon.colcon_core.verb:set package 'turtle_wall_avoider' build argument 'catkin_skip_building_tests' from command line to 'False'
[0.467s] DEBUG:colcon.colcon_core.verb:Building package 'turtle_wall_avoider' with the following arguments: {'ament_cmake_args': None, 'build_base': '/home/vboxuser/ROS2/build/turtle_wall_avoider', 'catkin_cmake_args': None, 'catkin_skip_building_tests': False, 'cmake_args': None, 'cmake_clean_cache': False, 'cmake_clean_first': False, 'cmake_force_configure': False, 'cmake_target': None, 'cmake_target_skip_unavailable': False, 'install_base': '/home/vboxuser/ROS2/install/turtle_wall_avoider', 'merge_install': False, 'path': '/home/vboxuser/ROS2/src/turtle_wall_avoider', 'symlink_install': False, 'test_result_base': None}
[0.467s] INFO:colcon.colcon_core.executor:Executing jobs using 'parallel' executor
[0.468s] DEBUG:colcon.colcon_parallel_executor.executor.parallel:run_until_complete
[0.469s] INFO:colcon.colcon_ros.task.ament_python.build:Building ROS package in '/home/vboxuser/ROS2/src/turtle_wall_avoider' with build type 'ament_python'
[0.470s] Level 1:colcon.colcon_core.shell:create_environment_hook('turtle_wall_avoider', 'ament_prefix_path')
[0.471s] INFO:colcon.colcon_core.plugin_system:Skipping extension 'colcon_core.shell.bat': Not used on non-Windows systems
[0.472s] INFO:colcon.colcon_core.shell:Creating environment hook '/home/vboxuser/ROS2/install/turtle_wall_avoider/share/turtle_wall_avoider/hook/ament_prefix_path.ps1'
[0.474s] INFO:colcon.colcon_core.shell:Creating environment descriptor '/home/vboxuser/ROS2/install/turtle_wall_avoider/share/turtle_wall_avoider/hook/ament_prefix_path.dsv'
[0.476s] INFO:colcon.colcon_core.shell:Creating environment hook '/home/vboxuser/ROS2/install/turtle_wall_avoider/share/turtle_wall_avoider/hook/ament_prefix_path.sh'
[0.478s] INFO:colcon.colcon_core.shell:Skip shell extension 'powershell' for command environment: Not usable outside of PowerShell
[0.479s] DEBUG:colcon.colcon_core.shell:Skip shell extension 'dsv' for command environment
[0.879s] INFO:colcon.colcon_core.task.python.build:Building Python package in '/home/vboxuser/ROS2/src/turtle_wall_avoider'
[0.880s] INFO:colcon.colcon_core.shell:Skip shell extension 'powershell' for command environment: Not usable outside of PowerShell
[0.880s] DEBUG:colcon.colcon_core.shell:Skip shell extension 'dsv' for command environment
[1.333s] DEBUG:colcon.colcon_core.task.python.build:Available setuptools commands: upload, alias, rotate, develop, egg_info, clean, saveopts, build_ext, bdist, install_headers, upload_docs, test, sdist, dist_info, easy_install, build_clib, build_py, setopt, bdist_dumb, build, check, install_egg_info, build_scripts, register, symlink_data, bdist_egg, install, install_lib, install_scripts, install_data, bdist_rpm
[1.340s] DEBUG:colcon.colcon_core.event_handler.log_command:Invoking command in '/home/vboxuser/ROS2/src/turtle_wall_avoider': PYTHONPATH=/home/vboxuser/ROS2/build/turtle_wall_avoider/prefix_override:/usr/lib/python3/dist-packages/colcon_core/task/python/colcon_distutils_commands:/home/vboxuser/ROS2/install/turtle_wall_avoider/lib/python3.10/site-packages:${PYTHONPATH} /usr/bin/python3 -W ignore:setup.py install is deprecated -W ignore:easy_install command is deprecated setup.py egg_info --egg-base ../../build/turtle_wall_avoider build --build-base /home/vboxuser/ROS2/build/turtle_wall_avoider/build install --record /home/vboxuser/ROS2/build/turtle_wall_avoider/install.log --install-scripts $base/lib/turtle_wall_avoider --single-version-externally-managed install_data
[1.781s] Level 1:colcon.colcon_core.environment:checking '/home/vboxuser/ROS2/install/turtle_wall_avoider' for CMake module files
[1.782s] DEBUG:colcon.colcon_core.event_handler.log_command:Invoked command in '/home/vboxuser/ROS2/src/turtle_wall_avoider' returned '0': PYTHONPATH=/home/vboxuser/ROS2/build/turtle_wall_avoider/prefix_override:/usr/lib/python3/dist-packages/colcon_core/task/python/colcon_distutils_commands:/home/vboxuser/ROS2/install/turtle_wall_avoider/lib/python3.10/site-packages:${PYTHONPATH} /usr/bin/python3 -W ignore:setup.py install is deprecated -W ignore:easy_install command is deprecated setup.py egg_info --egg-base ../../build/turtle_wall_avoider build --build-base /home/vboxuser/ROS2/build/turtle_wall_avoider/build install --record /home/vboxuser/ROS2/build/turtle_wall_avoider/install.log --install-scripts $base/lib/turtle_wall_avoider --single-version-externally-managed install_data
[1.783s] Level 1:colcon.colcon_core.environment:checking '/home/vboxuser/ROS2/install/turtle_wall_avoider' for CMake config files
[1.784s] Level 1:colcon.colcon_core.environment:checking '/home/vboxuser/ROS2/install/turtle_wall_avoider/lib'
[1.784s] Level 1:colcon.colcon_core.environment:checking '/home/vboxuser/ROS2/install/turtle_wall_avoider/bin'
[1.784s] Level 1:colcon.colcon_core.environment:checking '/home/vboxuser/ROS2/install/turtle_wall_avoider/lib/pkgconfig/turtle_wall_avoider.pc'
[1.785s] Level 1:colcon.colcon_core.environment:checking '/home/vboxuser/ROS2/install/turtle_wall_avoider/lib/python3.10/site-packages'
[1.785s] Level 1:colcon.colcon_core.shell:create_environment_hook('turtle_wall_avoider', 'pythonpath')
[1.785s] INFO:colcon.colcon_core.shell:Creating environment hook '/home/vboxuser/ROS2/install/turtle_wall_avoider/share/turtle_wall_avoider/hook/pythonpath.ps1'
[1.786s] INFO:colcon.colcon_core.shell:Creating environment descriptor '/home/vboxuser/ROS2/install/turtle_wall_avoider/share/turtle_wall_avoider/hook/pythonpath.dsv'
[1.787s] INFO:colcon.colcon_core.shell:Creating environment hook '/home/vboxuser/ROS2/install/turtle_wall_avoider/share/turtle_wall_avoider/hook/pythonpath.sh'
[1.789s] Level 1:colcon.colcon_core.environment:checking '/home/vboxuser/ROS2/install/turtle_wall_avoider/bin'
[1.789s] Level 1:colcon.colcon_core.environment:create_environment_scripts_only(turtle_wall_avoider)
[1.789s] INFO:colcon.colcon_core.shell:Creating package script '/home/vboxuser/ROS2/install/turtle_wall_avoider/share/turtle_wall_avoider/package.ps1'
[1.792s] INFO:colcon.colcon_core.shell:Creating package descriptor '/home/vboxuser/ROS2/install/turtle_wall_avoider/share/turtle_wall_avoider/package.dsv'
[1.796s] INFO:colcon.colcon_core.shell:Creating package script '/home/vboxuser/ROS2/install/turtle_wall_avoider/share/turtle_wall_avoider/package.sh'
[1.798s] INFO:colcon.colcon_core.shell:Creating package script '/home/vboxuser/ROS2/install/turtle_wall_avoider/share/turtle_wall_avoider/package.bash'
[1.800s] INFO:colcon.colcon_core.shell:Creating package script '/home/vboxuser/ROS2/install/turtle_wall_avoider/share/turtle_wall_avoider/package.zsh'
[1.801s] Level 1:colcon.colcon_core.environment:create_file_with_runtime_dependencies(/home/vboxuser/ROS2/install/turtle_wall_avoider/share/colcon-core/packages/turtle_wall_avoider)
[1.803s] DEBUG:colcon.colcon_parallel_executor.executor.parallel:closing loop
[1.804s] DEBUG:colcon.colcon_parallel_executor.executor.parallel:loop closed
[1.804s] DEBUG:colcon.colcon_parallel_executor.executor.parallel:run_until_complete finished with '0'
[1.804s] DEBUG:colcon.colcon_core.event_reactor:joining thread
[1.812s] INFO:colcon.colcon_core.plugin_system:Skipping extension 'colcon_notification.desktop_notification.terminal_notifier': Not used on non-Darwin systems
[1.823s] INFO:colcon.colcon_core.plugin_system:Skipping extension 'colcon_notification.desktop_notification.win32': Not used on non-Windows systems
[1.823s] INFO:colcon.colcon_notification.desktop_notification:Sending desktop notification using 'notify2'
[1.928s] DEBUG:colcon.colcon_core.event_reactor:joined thread
[1.929s] INFO:colcon.colcon_core.shell:Creating prefix script '/home/vboxuser/ROS2/install/local_setup.ps1'
[1.939s] INFO:colcon.colcon_core.shell:Creating prefix util module '/home/vboxuser/ROS2/install/_local_setup_util_ps1.py'
[1.948s] INFO:colcon.colcon_core.shell:Creating prefix chain script '/home/vboxuser/ROS2/install/setup.ps1'
[1.960s] INFO:colcon.colcon_core.shell:Creating prefix script '/home/vboxuser/ROS2/install/local_setup.sh'
[1.962s] INFO:colcon.colcon_core.shell:Creating prefix util module '/home/vboxuser/ROS2/install/_local_setup_util_sh.py'
[1.966s] INFO:colcon.colcon_core.shell:Creating prefix chain script '/home/vboxuser/ROS2/install/setup.sh'
[1.978s] INFO:colcon.colcon_core.shell:Creating prefix script '/home/vboxuser/ROS2/install/local_setup.bash'
[1.983s] INFO:colcon.colcon_core.shell:Creating prefix chain script '/home/vboxuser/ROS2/install/setup.bash'
[1.984s] INFO:colcon.colcon_core.shell:Creating prefix script '/home/vboxuser/ROS2/install/local_setup.zsh'
[1.986s] INFO:colcon.colcon_core.shell:Creating prefix chain script '/home/vboxuser/ROS2/install/setup.zsh'
